Archive member included because of file (symbol)

arch/arm/cpu/hi3516a/libhi3516a.a(lowlevel_init_v300.o)
                              arch/arm/cpu/hi3516a/start.o (start_ddr_training)
arch/arm/cpu/hi3516a/libhi3516a.a(lowlevel_init_svb.o)
                              arch/arm/cpu/hi3516a/start.o (start_svb)
arch/arm/cpu/hi3516a/libhi3516a.a(ddrphy_training_func.o)
                              arch/arm/cpu/hi3516a/libhi3516a.a(lowlevel_init_v300.o) (ddr_training_info)
arch/arm/cpu/hi3516a/libhi3516a.a(ddrphy_training_print.o)
                              arch/arm/cpu/hi3516a/libhi3516a.a(lowlevel_init_v300.o) (ddr_training_print)
arch/arm/cpu/hi3516a/libhi3516a.a(uart.o)
                              arch/arm/cpu/hi3516a/libhi3516a.a(ddrphy_training_func.o) (uart_early_puts)
arch/arm/cpu/hi3516a/libhi3516a.a(chip.o)
                              arch/arm/cpu/hi3516a/libhi3516a.a(lowlevel_init_v300.o) (reset_cpu)
arch/arm/cpu/hi3516a/libhi3516a.a(ddrphy_training.o)
                              arch/arm/cpu/hi3516a/libhi3516a.a(lowlevel_init_v300.o) (ddrphy_train_route)
arch/arm/cpu/hi3516a/libhi3516a.a(ddr_dataeye_training.o)
                              arch/arm/cpu/hi3516a/libhi3516a.a(lowlevel_init_v300.o) (ddr_dataeye_training)
arch/arm/lib/libarm.a(board.o)
                              arch/arm/cpu/hi3516a/start.o (start_armboot)
arch/arm/lib/libarm.a(interrupts.o)
                              arch/arm/lib/libarm.a(board.o) (enable_interrupts)
net/libnet.a(eth.o)           arch/arm/lib/libarm.a(board.o) (eth_initialize)
net/libnet.a(net.o)           arch/arm/lib/libarm.a(board.o) (copy_filename)
net/libnet.a(rarp.o)          net/libnet.a(net.o) (RarpRequest)
net/libnet.a(tftp.o)          net/libnet.a(net.o) (TftpStart)
net/libnet.a(udp.o)           net/libnet.a(net.o) (UdpHandler)
net/libnet.a(bootp.o)         net/libnet.a(net.o) (BootpRequest)
drivers/mtd/nand/libnand.a(nand.o)
                              arch/arm/lib/libarm.a(board.o) (nand_init)
drivers/mtd/nand/libnand.a(nand_base.o)
                              drivers/mtd/nand/libnand.a(nand.o) (nand_scan)
drivers/mtd/nand/libnand.a(nand_bbt.o)
                              drivers/mtd/nand/libnand.a(nand_base.o) (nand_update_bbt)
drivers/mtd/nand/libnand.a(nand_ecc.o)
                              drivers/mtd/nand/libnand.a(nand_base.o) (nand_calculate_ecc)
drivers/mtd/nand/libnand.a(nand_ids.o)
                              drivers/mtd/nand/libnand.a(nand_base.o) (nand_manuf_ids)
drivers/mtd/nand/libnand.a(hinfc_common.o)
                              drivers/mtd/nand/libnand.a(nand_base.o) (nand_ecc_name)
drivers/mtd/nand/hinfc610/libhinfcv610.a(hinfc610.o)
                              drivers/mtd/nand/libnand.a(nand.o) (board_nand_init)
drivers/mtd/nand/hinfc610/libhinfcv610.a(hinfc610_gen.o)
                              drivers/mtd/nand/hinfc610/libhinfcv610.a(hinfc610.o) (hinfc610_page_type2reg)
drivers/mtd/nand/hinfc610/libhinfcv610.a(hinfc610_spl_ids.o)
                              drivers/mtd/nand/hinfc610/libhinfcv610.a(hinfc610.o) (nand_spl_ids_register)
drivers/mtd/nand/hinfc610/libhinfcv610.a(hinfc610_read_retry_hynix_bg_cdie.o)
                              drivers/mtd/nand/hinfc610/libhinfcv610.a(hinfc610.o) (hinfc610_hynix_bg_cdie_read_retry)
drivers/mtd/nand/hinfc610/libhinfcv610.a(hinfc610_read_retry_hynix_bg_bdie.o)
                              drivers/mtd/nand/hinfc610/libhinfcv610.a(hinfc610.o) (hinfc610_hynix_bg_bdie_read_retry)
drivers/mtd/nand/hinfc610/libhinfcv610.a(hinfc610_read_retry_hynix_cg_adie.o)
                              drivers/mtd/nand/hinfc610/libhinfcv610.a(hinfc610.o) (hinfc610_hynix_cg_adie_read_retry)
drivers/mtd/nand/hinfc610/libhinfcv610.a(hinfc610_read_retry_micron.o)
                              drivers/mtd/nand/hinfc610/libhinfcv610.a(hinfc610.o) (hinfc610_micron_read_retry)
drivers/mtd/nand/hinfc610/libhinfcv610.a(hinfc610_read_retry_samsung.o)
                              drivers/mtd/nand/hinfc610/libhinfcv610.a(hinfc610.o) (hinfc610_samsung_read_retry)
drivers/mtd/nand/hinfc610/libhinfcv610.a(hinfc610_read_retry_toshiba.o)
                              drivers/mtd/nand/hinfc610/libhinfcv610.a(hinfc610.o) (hinfc610_toshiba_24nm_read_retry)
drivers/mtd/nand/hinfc610/libhinfcv610.a(hinfc620_gen.o)
                              drivers/mtd/nand/hinfc610/libhinfcv610.a(hinfc610.o) (hinfc620_ecc_type2reg)
drivers/mtd/spi/libspi_flash.a(spi_compatible.o)
                              arch/arm/lib/libarm.a(board.o) (spi_flash_probe)
drivers/mtd/spi/hisfc350/libhisfcv350.a(hisfc350.o)
                              drivers/mtd/spi/libspi_flash.a(spi_compatible.o) (hisfc350_get_spi_lock_info)
drivers/mtd/spi/hisfc350/libhisfcv350.a(hisfc350_spi_ids.o)
                              drivers/mtd/spi/hisfc350/libhisfcv350.a(hisfc350.o) (spi_general_get_flash_register)
drivers/net/higmacv300/libhigmacv300.a(higmac.o)
                              net/libnet.a(net.o) (eth_rx)
drivers/net/higmacv300/libhigmacv300.a(mdio.o)
                              drivers/net/higmacv300/libhigmacv300.a(higmac.o) (higmac0_mdio_read)
drivers/net/higmacv300/libhigmacv300.a(ctrl.o)
                              drivers/net/higmacv300/libhigmacv300.a(higmac.o) (higmac_set_macif)
drivers/serial/libserial.a(serial_pl01x.o)
                              arch/arm/lib/libarm.a(board.o) (serial_init)
common/libcommon.a(cmd_boot.o)
                              (__u_boot_cmd_reset)
common/libcommon.a(cmd_bootm.o)
                              (__u_boot_cmd_bootm)
common/libcommon.a(cmd_ddr_training_v300.o)
                              arch/arm/lib/libarm.a(board.o) (check_ddr_training)
common/libcommon.a(cmd_fat.o)
                              (__u_boot_cmd_fatinfo)
common/libcommon.a(cmd_getinfo.o)
                              (__u_boot_cmd_getinfo)
common/libcommon.a(cmd_help.o)
                              (__u_boot_cmd_question_mark)
common/libcommon.a(cmd_load.o)
                              (__u_boot_cmd_loady)
common/libcommon.a(cmd_mem.o)
                              (__u_boot_cmd_mtest)
common/libcommon.a(cmd_mii.o)
                              (__u_boot_cmd_mii)
common/libcommon.a(cmd_nand.o)
                              (__u_boot_cmd_nboot)
common/libcommon.a(cmd_net.o)
                              (__u_boot_cmd_ping)
common/libcommon.a(cmd_nvedit.o)
                              net/libnet.a(net.o) (get_env_id)
common/libcommon.a(cmd_sf.o)  (__u_boot_cmd_sf)
common/libcommon.a(cmd_usb.o)
                              (__u_boot_cmd_usbboot)
common/libcommon.a(cmd_version.o)
                              (__u_boot_cmd_version)
common/libcommon.a(command.o)
                              common/libcommon.a(cmd_bootm.o) (find_cmd_tbl)
common/libcommon.a(console.o)
                              arch/arm/lib/libarm.a(board.o) (printf)
common/libcommon.a(dlmalloc.o)
                              arch/arm/lib/libarm.a(board.o) (mem_malloc_init)
common/libcommon.a(download_process.o)
                              arch/arm/lib/libarm.a(board.o) (download_boot)
common/libcommon.a(env_common.o)
                              common/libcommon.a(cmd_nvedit.o) (env_crc_update)
common/libcommon.a(env_common_func.o)
                              common/libcommon.a(env_common.o) (env_get_char_spec)
common/libcommon.a(env_nand.o)
                              common/libcommon.a(env_common_func.o) (nand_env_get_char_spec)
common/libcommon.a(env_sf.o)  common/libcommon.a(env_common_func.o) (sf_env_get_char_spec)
common/libcommon.a(exports.o)
                              arch/arm/lib/libarm.a(board.o) (jumptable_init)
common/libcommon.a(hi3516a_ddr_training_printf.o)
                              common/libcommon.a(cmd_ddr_training_v300.o) (hi3516a_ddr_training_result)
common/libcommon.a(image.o)   common/libcommon.a(cmd_bootm.o) (image_check_hcrc)
common/libcommon.a(main.o)    common/libcommon.a(cmd_bootm.o) (show_boot_progress)
common/libcommon.a(miiphyutil.o)
                              net/libnet.a(eth.o) (miiphy_init)
common/libcommon.a(stdio.o)   common/libcommon.a(console.o) (stdio_get_list)
common/libcommon.a(usb.o)     common/libcommon.a(cmd_bootm.o) (usb_stop)
common/libcommon.a(usb_storage.o)
                              common/libcommon.a(cmd_usb.o) (usb_stor_get_dev)
common/libcommon.a(xyzModem.o)
                              common/libcommon.a(cmd_load.o) (xyzModem_stream_open)
common/libcommon.a(cmd_udp.o)
                              (__u_boot_cmd_udp_b)
common/libcommon.a(ddr_training_entry.o)
                              common/libcommon.a(cmd_ddr_training_v300.o) (hi3516a_ddr_training_data_start)
product/libproduct.a(sample.o)
                              arch/arm/lib/libarm.a(board.o) (product_control)
board/hi3516a/libhi3516a.a(board.o)
                              common/libcommon.a(cmd_getinfo.o) (get_boot_media)
lib/libgeneric.a(crc16.o)     common/libcommon.a(xyzModem.o) (cyg_crc16)
lib/libgeneric.a(crc32.o)     common/libcommon.a(cmd_mem.o) (crc32)
lib/libgeneric.a(ctype.o)     common/libcommon.a(usb.o) (_ctype)
lib/libgeneric.a(display_options.o)
                              net/libnet.a(tftp.o) (print_size)
lib/libgeneric.a(div64.o)     common/libcommon.a(cmd_sf.o) (__div64_32)
lib/libgeneric.a(gunzip.o)    common/libcommon.a(cmd_bootm.o) (gunzip)
lib/libgeneric.a(net_utils.o)
                              arch/arm/lib/libarm.a(board.o) (string_to_ip)
lib/libgeneric.a(string.o)    net/libnet.a(net.o) (strcpy)
lib/libgeneric.a(time.o)      drivers/mtd/nand/libnand.a(nand_base.o) (udelay)
lib/libgeneric.a(vsprintf.o)  arch/arm/lib/libarm.a(board.o) (simple_strtoul)
lib/libgeneric.a(match_table.o)
                              drivers/mtd/nand/libnand.a(hinfc_common.o) (reg2type)
lib/libgeneric.a(zlib.o)      lib/libgeneric.a(gunzip.o) (inflateInit2_)
arch/arm/cpu/hi3516a/hi3516a/libhi3516a.a(timer.o)
                              arch/arm/lib/libarm.a(board.o) (timer_init)
arch/arm/lib/libarm.a(bootm.o)
                              common/libcommon.a(cmd_bootm.o) (do_bootm_linux)
arch/arm/lib/libarm.a(cache.o)
                              common/libcommon.a(cmd_load.o) (flush_cache)
arch/arm/lib/libarm.a(process.o)
                              drivers/mtd/spi/hisfc350/libhisfcv350.a(hisfc350.o) (add_shutdown)
arch/arm/lib/libarm.a(cache-cp15.o)
                              common/libcommon.a(cmd_ddr_training_v300.o) (icache_enable)
arch/arm/lib/libarm.a(reset.o)
                              common/libcommon.a(cmd_boot.o) (do_reset)
arch/arm/lib/libarm.a(ddr_layout.o)
                              common/libcommon.a(cmd_ddr_training_v300.o) (get_ddr_free)
arch/arm/lib/libarm.a(ddr_size.o)
                              arch/arm/lib/libarm.a(ddr_layout.o) (get_ddr_size)
arch/arm/lib/libarm.a(cpu_info.o)
                              common/libcommon.a(cmd_ddr_training_v300.o) (get_chipid)
arch/arm/lib/libarm.a(mmu.o)  arch/arm/lib/libarm.a(cache-cp15.o) (mmu_pagedir_init)
arch/arm/lib/libarm.a(cache_ops.o)
                              arch/arm/lib/libarm.a(cache-cp15.o) (dcache_flush_all)
fs/fat/libfat.a(fat.o)        common/libcommon.a(cmd_fat.o) (fat_register_device)
disk/libdisk.a(part.o)        common/libcommon.a(cmd_fat.o) (get_dev)
disk/libdisk.a(part_dos.o)    disk/libdisk.a(part.o) (test_part_dos)
drivers/mtd/nand/libnand.a(nand_util.o)
                              common/libcommon.a(cmd_nand.o) (nand_erase_opts)
drivers/mtd/spi/libspi_flash.a(spi_ids.o)
                              drivers/mtd/spi/hisfc350/libhisfcv350.a(hisfc350.o) (spi_serach_ids)
drivers/usb/host/hiusb/libhiusb.a(hiusb-ohci.o)
                              common/libcommon.a(usb.o) (submit_bulk_msg)
arch/arm/cpu/hi3516a/libhi3516a.a(cpu.o)
                              arch/arm/lib/libarm.a(bootm.o) (cleanup_before_linux)
/opt/hisi-linux/x86-arm/arm-hisiv300-linux/bin/../lib/gcc/arm-hisiv300-linux-uclibcgnueabi/4.8.3/libgcc.a(_udivsi3.o)
                              arch/arm/cpu/hi3516a/libhi3516a.a(lowlevel_init_svb.o) (__aeabi_uidiv)
/opt/hisi-linux/x86-arm/arm-hisiv300-linux/bin/../lib/gcc/arm-hisiv300-linux-uclibcgnueabi/4.8.3/libgcc.a(_divsi3.o)
                              common/libcommon.a(cmd_mem.o) (__aeabi_idiv)
/opt/hisi-linux/x86-arm/arm-hisiv300-linux/bin/../lib/gcc/arm-hisiv300-linux-uclibcgnueabi/4.8.3/libgcc.a(_lshrdi3.o)
                              drivers/mtd/nand/libnand.a(nand_base.o) (__aeabi_llsr)
/opt/hisi-linux/x86-arm/arm-hisiv300-linux/bin/../lib/gcc/arm-hisiv300-linux-uclibcgnueabi/4.8.3/libgcc.a(_ashrdi3.o)
                              drivers/mtd/nand/libnand.a(nand_base.o) (__aeabi_lasr)
/opt/hisi-linux/x86-arm/arm-hisiv300-linux/bin/../lib/gcc/arm-hisiv300-linux-uclibcgnueabi/4.8.3/libgcc.a(_ashldi3.o)
                              drivers/mtd/nand/libnand.a(nand_base.o) (__aeabi_llsl)
/opt/hisi-linux/x86-arm/arm-hisiv300-linux/bin/../lib/gcc/arm-hisiv300-linux-uclibcgnueabi/4.8.3/libgcc.a(_dvmd_lnx.o)
                              /opt/hisi-linux/x86-arm/arm-hisiv300-linux/bin/../lib/gcc/arm-hisiv300-linux-uclibcgnueabi/4.8.3/libgcc.a(_udivsi3.o) (__aeabi_idiv0)

内存配置

名称           来源             长度             属性
*default*        0x00000000         0xffffffff

Linker script and memory map

                0x00000000                . = 0x0
                0x00000000                . = ALIGN (0x4)

.text           0x80800000    0x2a59c
 arch/arm/cpu/hi3516a/start.o(.text)
 .text          0x80800000     0x1740 arch/arm/cpu/hi3516a/start.o
                0x80800000                _start
                0x80801040                _blank_zone_start
                0x80801044                _blank_zone_end
                0x80801054                _armboot_start
                0x80801058                _bss_start
                0x8080105c                _bss_end
                0x80801518                init_registers
 *(.text)
 .text          0x80801740       0xb4 arch/arm/cpu/hi3516a/libhi3516a.a(lowlevel_init_v300.o)
                0x80801740                start_ddr_training
 .text          0x808017f4      0x7ec arch/arm/cpu/hi3516a/libhi3516a.a(lowlevel_init_svb.o)
                0x808019ac                config_ema
                0x808019d4                start_svb
 .text          0x80801fe0      0x450 arch/arm/cpu/hi3516a/libhi3516a.a(ddrphy_training_func.o)
                0x80801fe0                DDRPHY_WRLV_TRAIN_ROUTE
                0x80802120                DDRPHY_GATE_TRAIN_ROUTE
                0x808022c0                DDRPHY_DATA_TRAIN_ROUTE
                0x808023bc                ddr_training_info
 .text          0x80802430       0x64 arch/arm/cpu/hi3516a/libhi3516a.a(ddrphy_training_print.o)
                0x80802430                ddr_training_print
 .text          0x80802494       0xc4 arch/arm/cpu/hi3516a/libhi3516a.a(uart.o)
                0x80802494                uart_early_init
                0x808024c8                uart_early_puts
                0x808024f8                uart_early_put_hex
                0x8080253c                uart_early_putc
 .text          0x80802558       0x28 arch/arm/cpu/hi3516a/libhi3516a.a(chip.o)
                0x80802558                get_chipid_reg
                0x80802568                reset_cpu
 .text          0x80802580      0x560 arch/arm/cpu/hi3516a/libhi3516a.a(ddrphy_training.o)
                0x808025b4                ddrphy_train_route
 .text          0x80802ae0      0xc94 arch/arm/cpu/hi3516a/libhi3516a.a(ddr_dataeye_training.o)
                0x80802c4c                ddrt_read
                0x80803214                byte_deskew_judge
                0x80803754                ddr_dataeye_training
 .text          0x80803774      0x214 arch/arm/lib/libarm.a(board.o)
                0x808037f0                coloured_LED_init
                0x808037f0                __coloured_LED_init
                0x808037f4                red_LED_on
                0x808037f4                __red_LED_on
                0x808037f8                __red_LED_off
                0x808037f8                red_LED_off
                0x808037fc                green_LED_on
                0x808037fc                __green_LED_on
                0x80803800                __green_LED_off
                0x80803800                green_LED_off
                0x80803804                __yellow_LED_on
                0x80803804                yellow_LED_on
                0x80803808                __yellow_LED_off
                0x80803808                yellow_LED_off
                0x8080380c                blue_LED_on
                0x8080380c                __blue_LED_on
                0x80803810                blue_LED_off
                0x80803810                __blue_LED_off
                0x80803814                hang
                0x80803828                start_armboot
 .text          0x80803988      0x260 arch/arm/lib/libarm.a(interrupts.o)
                0x80803988                enable_interrupts
                0x8080398c                disable_interrupts
                0x80803994                bad_mode
                0x808039b0                show_regs
                0x80803aec                do_undefined_instruction
                0x80803b10                do_software_interrupt
                0x80803b34                do_prefetch_abort
                0x80803b58                do_data_abort
                0x80803b7c                do_not_used
                0x80803ba0                do_fiq
                0x80803bc4                do_irq
 .text          0x80803be8      0x13c net/libnet.a(eth.o)
                0x80803be8                eth_parse_enetaddr
                0x80803c40                eth_getenv_enetaddr
                0x80803c9c                eth_setenv_enetaddr
                0x80803cd0                eth_getenv_enetaddr_by_index
                0x80803d14                eth_initialize
 .text          0x80803d24     0x1388 net/libnet.a(net.o)
                0x80803e60                NetStartAgain
                0x80803f38                NetSetHandler
                0x80803f48                NetSetTimeout
                0x80803f78                NetSendPacket
                0x80803f7c                NetCksum
                0x80803fac                NetCksumOk
                0x80803fcc                NetEthHdrSize
                0x80804004                NetSetEther
                0x8080409c                ArpRequest
                0x80804194                ArpTimeoutCheck
                0x80804204                PingSend
                0x80804334                NetReceive
                0x80804880                NetSetIP
                0x8080495c                NetSendUDPPacket
                0x80804b54                copy_filename
                0x80804b9c                ip_to_string
                0x80804bd4                VLAN_to_string
                0x80804c18                string_to_VLAN
                0x80804c60                getenv_VLAN
                0x80804d0c                NetLoop
                0x80804f88                NetLoop_UDP
 .text          0x808050ac      0x174 net/libnet.a(rarp.o)
                0x808050ec                RarpRequest
 .text          0x80805220      0xb5c net/libnet.a(tftp.o)
                0x808059cc                print_IPaddr
                0x808059e8                TftpStart
 .text          0x80805d7c       0xc8 net/libnet.a(udp.o)
                0x80805d7c                UdpHandler
                0x80805d8c                udpSend
                0x80805dfc                UdpStart
 .text          0x80805e44      0x92c net/libnet.a(bootp.o)
                0x808064e4                BootpRequest
                0x8080676c                DhcpRequest
 .text          0x80806770       0xb4 drivers/mtd/nand/libnand.a(nand.o)
                0x80806770                nand_init
 .text          0x80806824     0x3be0 drivers/mtd/nand/libnand.a(nand_base.o)
                0x8080871c                nand_wait_ready
                0x808092b4                nand_erase_nand
                0x80809634                get_nand_info
                0x80809640                nand_scan_ident
                0x80809e24                nand_scan_tail
                0x8080a3bc                nand_scan
                0x8080a3dc                nand_release
 .text          0x8080a404     0x1688 drivers/mtd/nand/libnand.a(nand_bbt.o)
                0x8080b254                nand_update_bbt
                0x8080b508                nand_scan_bbt
                0x8080b990                nand_default_bbt
                0x8080ba40                nand_isbad_bbt
 .text          0x8080ba8c      0x214 drivers/mtd/nand/libnand.a(nand_ecc.o)
                0x8080ba8c                nand_calculate_ecc
                0x8080bb80                nand_correct_data
 .text          0x8080bca0        0x0 drivers/mtd/nand/libnand.a(nand_ids.o)
 .text          0x8080bca0      0x190 drivers/mtd/nand/libnand.a(hinfc_common.o)
                0x8080bca0                nand_ecc_name
                0x8080bcbc                nand_page_name
                0x8080bcd8                nandpage_size2type
                0x8080bcf0                nandpage_type2size
                0x8080bd08                match_ecc_type_to_yaffs
                0x8080bd2c                match_page_reg_to_type
                0x8080bd50                match_page_type_to_reg
                0x8080bd74                match_page_type_to_str
                0x8080bd90                match_ecc_reg_to_type
                0x8080bdb4                match_ecc_type_to_reg
                0x8080bdd8                match_ecc_type_to_str
                0x8080bdf4                match_page_size_to_type
                0x8080be18                match_page_type_to_size
 .text          0x8080be30     0x11fc drivers/mtd/nand/hinfc610/libhinfcv610.a(hinfc610.o)
                0x8080c880                hinfc610_controller_enable
                0x8080c8a0                hinfc610_force_ecc
                0x8080c9c0                hinfc610_ecc_type2reg_intf
                0x8080cdc0                hinfc610_ecc_reg2type_intf
                0x8080cddc                hinfc610_nand_get_rr_param
                0x8080ce18                board_nand_init
                0x8080cff4                nand_get_ecctype
 .text          0x8080d02c       0x60 drivers/mtd/nand/hinfc610/libhinfcv610.a(hinfc610_gen.o)
                0x8080d02c                hinfc610_page_type2reg
                0x8080d044                hinfc610_page_reg2type
                0x8080d05c                hinfc610_ecc_type2reg
                0x8080d074                hinfc610_ecc_reg2type
 .text          0x8080d08c      0x358 drivers/mtd/nand/hinfc610/libhinfcv610.a(hinfc610_spl_ids.o)
                0x8080d1f4                nand_get_special_flash_type
                0x8080d3b4                nand_spl_ids_register
 .text          0x8080d3e4      0x808 drivers/mtd/nand/hinfc610/libhinfcv610.a(hinfc610_read_retry_hynix_bg_cdie.o)
 .text          0x8080dbec      0x304 drivers/mtd/nand/hinfc610/libhinfcv610.a(hinfc610_read_retry_hynix_bg_bdie.o)
 .text          0x8080def0      0x838 drivers/mtd/nand/hinfc610/libhinfcv610.a(hinfc610_read_retry_hynix_cg_adie.o)
 .text          0x8080e728       0xa4 drivers/mtd/nand/hinfc610/libhinfcv610.a(hinfc610_read_retry_micron.o)
 .text          0x8080e7cc      0x27c drivers/mtd/nand/hinfc610/libhinfcv610.a(hinfc610_read_retry_samsung.o)
 .text          0x8080ea48      0x320 drivers/mtd/nand/hinfc610/libhinfcv610.a(hinfc610_read_retry_toshiba.o)
 .text          0x8080ed68       0x60 drivers/mtd/nand/hinfc610/libhinfcv610.a(hinfc620_gen.o)
                0x8080ed68                hinfc620_page_type2reg
                0x8080ed80                hinfc620_page_reg2type
                0x8080ed98                hinfc620_ecc_type2reg
                0x8080edb0                hinfc620_ecc_reg2type
 .text          0x8080edc8      0x170 drivers/mtd/spi/libspi_flash.a(spi_compatible.o)
                0x8080edc8                spi_flash_probe
                0x8080edf4                get_spiflash_info
                0x8080ee20                spi_flash_free
                0x8080ee24                spi_flash_lock
 .text          0x8080ef38     0x13f0 drivers/mtd/spi/hisfc350/libhisfcv350.a(hisfc350.o)
                0x8080f9f4                spi_lock_update_address
                0x8080fa68                hisfc350_get_spi_lock_info
                0x8080fff8                hisfc350_spiflash_init
                0x808100b8                hisfc350_spi_lock
 .text          0x80810328      0x7e8 drivers/mtd/spi/hisfc350/libhisfcv350.a(hisfc350_spi_ids.o)
                0x80810890                spi_general_get_flash_register
 .text          0x80810b10      0xbc0 drivers/net/higmacv300/libhigmacv300.a(higmac.o)
                0x80810b10                srandom
                0x80810b28                random
                0x80810b7c                random_ether_addr
                0x80810bd4                eth_rx
                0x80810db4                eth_send
                0x80810f04                eth_init
                0x80811674                eth_halt
 .text          0x808116d0      0x18c drivers/net/higmacv300/libhigmacv300.a(mdio.o)
                0x8081180c                higmac0_mdio_read
                0x80811818                higmac1_mdio_read
                0x80811824                higmac0_mdio_write
                0x80811830                higmac1_mdio_write
                0x8081183c                higmac_mdiobus_driver_init
                0x80811858                higmac_mdiobus_driver_exit
 .text          0x8081185c      0x4d0 drivers/net/higmacv300/libhigmacv300.a(ctrl.o)
                0x8081185c                higmac_set_macif
                0x808118c4                higmac_hw_set_macaddress
                0x80811908                higmac_hw_get_macaddress
                0x80811948                higmac_clear_irqstatus
                0x8081195c                higmac_glb_preinit_dummy
                0x80811988                higmac_external_phy_reset
                0x808119d8                higmac_sys_init
                0x80811a80                higmac_sys_exit
                0x80811a84                higmac_sys_allstop
                0x80811a88                higmac_set_hwq_depth
                0x80811b70                higmac_set_rx_fq_hwq_addr
                0x80811ba0                higmac_set_rx_bq_hwq_addr
                0x80811bd0                higmac_set_tx_bq_hwq_addr
                0x80811c00                higmac_set_tx_rq_hwq_addr
                0x80811c30                higmac_desc_enable
                0x80811c44                higmac_desc_disable
                0x80811c58                higmac_desc_flush
 .text          0x80811d2c      0x148 drivers/serial/libserial.a(serial_pl01x.o)
                0x80811d2c                serial_init
                0x80811dcc                serial_putc
                0x80811e0c                serial_puts
                0x80811e2c                serial_getc
                0x80811e58                serial_tstc
                0x80811e70                serial_setbrg
 .text          0x80811e74       0x84 common/libcommon.a(cmd_boot.o)
                0x80811e74                do_go_exec
                0x80811e84                do_go
 .text          0x80811ef8      0xa8c common/libcommon.a(cmd_bootm.o)
                0x80812548                arch_preboot_os
                0x80812548                __arch_preboot_os
                0x8081254c                do_bootm_subcommand
                0x80812708                do_bootm
 .text          0x80812984      0x45c common/libcommon.a(cmd_ddr_training_v300.o)
                0x80812aa8                ddr_training
                0x80812b90                do_ddr_training
                0x80812dd8                check_ddr_training
 .text          0x80812de0      0x368 common/libcommon.a(cmd_fat.o)
                0x80812de0                do_fat_fsinfo
                0x80812ebc                do_fat_fsload
                0x8081303c                do_fat_ls
 .text          0x80813148      0x26c common/libcommon.a(cmd_getinfo.o)
                0x80813148                do_getinfo
 .text          0x808133b4       0x48 common/libcommon.a(cmd_help.o)
                0x808133b4                do_help
 .text          0x808133fc      0x97c common/libcommon.a(cmd_load.o)
                0x80813540                send_pad
                0x80813570                ktrans
                0x80813594                chk1
                0x808135bc                s1_sendpacket
                0x808135e4                send_ack
                0x80813640                send_nack
                0x8081369c                k_data_init
                0x808136b4                k_data_save
                0x808136d8                k_data_restore
                0x808136fc                k_data_char
                0x8081374c                handle_send_packet
                0x80813910                do_load_serial_bin
 .text          0x80813d78      0x904 common/libcommon.a(cmd_mem.o)
                0x80813d78                do_mem_loop
                0x80813e64                do_mem_md
                0x80813f38                do_mem_base
                0x80813f78                do_mem_mtest
                0x80814118                do_mem_mw
                0x808141d4                do_mem_cmp
                0x808144bc                do_mem_mm
                0x808144e0                do_mem_cp
                0x808145b0                do_mem_crc
                0x80814658                do_mem_nm
 .text          0x8081467c      0x7bc common/libcommon.a(cmd_mii.o)
                0x808146cc                MII_dump_0_to_5
                0x80814994                do_mii
 .text          0x80814e38      0xf34 common/libcommon.a(cmd_nand.o)
                0x80814fc4                do_nand
                0x80815a30                do_nandboot
 .text          0x80815d6c      0x414 common/libcommon.a(cmd_net.o)
                0x808160c8                do_bootp
                0x808160d4                do_tftp
                0x808160e0                do_rarpb
                0x808160ec                do_dhcp
                0x808160f8                do_ping
 .text          0x80816180      0x7d4 common/libcommon.a(cmd_nvedit.o)
                0x80816180                do_saveenv
                0x808161b0                get_env_id
                0x808161c0                envmatch
                0x80816318                do_printenv
                0x808163ac                _do_setenv
                0x808167b4                setenv
                0x80816800                do_setenv
                0x80816828                getenv
                0x80816898                getenv_r
 .text          0x80816954      0x87c common/libcommon.a(cmd_sf.o)
 .text          0x808171d0     0x112c common/libcommon.a(cmd_usb.o)
                0x808171d0                do_usbboot
                0x80817554                usb_get_class_desc
                0x80817610                usb_display_class_sub
                0x80817790                usb_display_string
                0x808177cc                usb_display_desc
                0x80817904                usb_display_conf_desc
                0x808179b0                usb_display_if_desc
                0x80817a38                usb_display_ep_desc
                0x80817afc                usb_display_config
                0x80817b78                usb_show_tree_graph
                0x80817d90                usb_show_tree
                0x80817dc0                do_usb
 .text          0x808182fc       0x20 common/libcommon.a(cmd_version.o)
                0x808182fc                do_version
 .text          0x8081831c      0x810 common/libcommon.a(command.o)
                0x8081831c                var_complete
                0x80818398                find_cmd_tbl
                0x80818430                find_cmd
                0x80818458                cmd_usage
                0x8081847c                _do_help
                0x80818600                install_auto_complete
                0x8081863c                cmd_auto_complete
                0x80818ad0                cmd_get_data_size
 .text          0x80818b2c      0x560 common/libcommon.a(console.o)
                0x80818bcc                serial_printf
                0x80818c10                fgetc
                0x80818c34                ftstc
                0x80818c58                fputc
                0x80818c78                fputs
                0x80818c98                fprintf
                0x80818ce4                getc
                0x80818d08                tstc
                0x80818d2c                putc
                0x80818d50                puts
                0x80818d74                printf
                0x80818db8                vprintf
                0x80818dec                ctrlc
                0x80818e3c                disable_ctrlc
                0x80818e54                had_ctrlc
                0x80818e64                clear_ctrlc
                0x80818e78                dbg
                0x80818e84                search_device
                0x80818eb4                console_assign
                0x80818ef8                console_init_f
                0x80818f08                stdio_print_current_devices
                0x80818fb8                console_init_r
 .text          0x8081908c     0x1074 common/libcommon.a(dlmalloc.o)
                0x8081908c                sbrk
                0x808190c8                mem_malloc_init
                0x808190ec                malloc_trim
                0x808191ac                free
                0x808193d4                malloc
                0x80819988                calloc
                0x80819a64                realloc
                0x80819f24                memalign
                0x8081a030                valloc
                0x8081a03c                pvalloc
                0x8081a054                cfree
                0x8081a058                malloc_usable_size
                0x8081a094                mallopt
 .text          0x8081a100      0x21c common/libcommon.a(download_process.o)
                0x8081a1a0                download_process
                0x8081a2d8                download_boot
 .text          0x8081a31c      0x274 common/libcommon.a(env_common.o)
                0x8081a31c                env_crc_update
                0x8081a348                env_get_char_memory
                0x8081a368                env_get_char
                0x8081a398                env_get_addr
                0x8081a3b8                set_default_env
                0x8081a3f8                env_relocate
                0x8081a450                env_complete
 .text          0x8081a590      0x110 common/libcommon.a(env_common_func.o)
                0x8081a590                env_get_char_spec
                0x8081a5b4                saveenv
                0x8081a5d8                env_relocate_spec
                0x8081a5f4                env_init
 .text          0x8081a6a0      0x2b8 common/libcommon.a(env_nand.o)
                0x8081a6a0                nand_env_get_char_spec
                0x8081a6ac                nand_env_init
                0x8081a6c8                writeenv
                0x8081a78c                nand_saveenv
                0x8081a838                readenv
                0x8081a8fc                nand_env_relocate_spec
 .text          0x8081a958      0x1dc common/libcommon.a(env_sf.o)
                0x8081a958                sf_env_get_char_spec
                0x8081a964                sf_saveenv
                0x8081aa6c                sf_env_relocate_spec
                0x8081ab18                sf_env_init
 .text          0x8081ab34      0x194 common/libcommon.a(exports.o)
                0x8081ab38                get_version
                0x8081ab40                jumptable_init
 .text          0x8081acc8      0x480 common/libcommon.a(hi3516a_ddr_training_printf.o)
                0x8081acc8                hi3516a_ddr_training_result
 .text          0x8081b148      0x72c common/libcommon.a(image.o)
                0x8081b17c                image_check_hcrc
                0x8081b1cc                image_check_dcrc
                0x8081b208                image_multi_count
                0x8081b224                image_multi_getimg
                0x8081b2ac                getenv_yesno
                0x8081b2d4                getenv_bootm_low
                0x8081b308                getenv_bootm_size
                0x8081b33c                memmove_wd
                0x8081b348                genimg_print_size
                0x8081b378                get_table_entry_name
                0x8081b3a4                genimg_get_os_name
                0x8081b3bc                genimg_get_arch_name
                0x8081b3d4                genimg_get_type_name
                0x8081b3ec                genimg_get_comp_name
                0x8081b404                image_print_contents
                0x8081b578                get_table_entry_id
                0x8081b5c8                genimg_get_os_id
                0x8081b5e0                genimg_get_arch_id
                0x8081b5f8                genimg_get_type_id
                0x8081b610                genimg_get_comp_id
                0x8081b628                genimg_get_format
                0x8081b63c                genimg_get_image
                0x8081b640                genimg_has_config
                0x8081b648                boot_get_ramdisk
 .text          0x8081b874     0x1434 common/libcommon.a(main.o)
                0x8081bc18                __show_boot_progress
                0x8081bc18                show_boot_progress
                0x8081bc1c                readline_into_buffer
                0x8081c540                readline
                0x8081c55c                parse_line
                0x8081c5e4                run_command
                0x8081c778                main_loop
                0x8081caa4                run_command_slave
 .text          0x8081cca8      0x708 common/libcommon.a(miiphyutil.o)
                0x8081cca8                miiphy_init
                0x8081ccc4                miiphy_register
                0x8081cda0                miiphy_set_current_dev
                0x8081ce00                miiphy_get_current_dev
                0x8081ce18                miiphy_read
                0x8081cea8                miiphy_write
                0x8081cf38                miiphy_listdev
                0x8081cfa4                miiphy_info
                0x8081d02c                miiphy_reset
                0x8081d0cc                miiphy_is_1000base_x
                0x8081d110                miiphy_speed
                0x8081d220                miiphy_duplex
                0x8081d35c                miiphy_link
 .text          0x8081d3b0      0x16c common/libcommon.a(stdio.o)
                0x8081d3b0                stdio_get_list
                0x8081d3bc                stdio_get_by_name
                0x8081d408                stdio_clone
                0x8081d458                stdio_register
                0x8081d494                stdio_init
 .text          0x8081d51c     0x16b4 common/libcommon.a(usb.o)
                0x8081d58c                wait_ms
                0x8081d5b0                usb_stop
                0x8081d5f0                usb_disable_asynch
                0x8081d608                usb_submit_int_msg
                0x8081d630                usb_control_msg
                0x8081d708                usb_bulk_msg
                0x8081d794                usb_maxpacket
                0x8081d7b0                usb_set_maxpacket
                0x8081d814                usb_parse_config
                0x8081d9cc                usb_clear_halt
                0x8081da64                usb_get_descriptor
                0x8081dac0                usb_get_configuration_no
                0x8081db6c                usb_set_address
                0x8081dbac                usb_set_interface
                0x8081dc64                usb_set_configuration
                0x8081dcc8                usb_set_protocol
                0x8081dd1c                usb_set_idle
                0x8081dd78                usb_get_report
                0x8081dddc                usb_get_class_descriptor
                0x8081de40                usb_get_string
                0x8081dfc0                usb_string
                0x8081e0c0                usb_get_dev_index
                0x8081e0ec                usb_alloc_new_device
                0x8081e17c                usb_free_device
                0x8081e1c8                usb_scan_devices_debug
                0x8081e21c                usb_get_hub_descriptor
                0x8081e274                usb_clear_hub_feature
                0x8081e2c4                usb_clear_port_feature
                0x8081e318                usb_set_port_feature
                0x8081e36c                usb_get_hub_status
                0x8081e3bc                usb_get_port_status
                0x8081e4b0                usb_hub_allocate
                0x8081e4f8                usb_hub_configure
                0x8081e704                usb_new_device
                0x8081e970                usb_init
                0x8081ea70                usb_hub_port_connect_change
 .text          0x8081ebd0     0x14b8 common/libcommon.a(usb_storage.o)
                0x8081ee90                usb_stor_get_dev
                0x8081eeb4                usb_show_progress
                0x8081eec0                usb_stor_read
                0x8081f0ac                usb_stor_write
                0x8081f298                usb_stor_info
                0x8081f304                usb_stor_BBB_comdat
                0x8081f3e0                usb_stor_CB_comdat
                0x8081f608                usb_stor_CBI_get_status
                0x8081f6ac                usb_stor_CB_transport
                0x8081f8a4                usb_stor_BBB_clear_endpt_stall
                0x8081f8f0                usb_stor_BBB_transport
                0x8081fabc                usb_storage_probe
                0x8081fccc                usb_stor_get_info
                0x8081ff30                usb_stor_scan
 .text          0x80820088      0x8bc common/libcommon.a(xyzModem.o)
                0x80820088                CYGACC_COMM_IF_GETC_TIMEOUT
                0x80820364                CYGACC_COMM_IF_PUTC
                0x8082036c                parse_num
                0x808204a4                xyzModem_stream_open
                0x808205f0                xyzModem_stream_read
                0x8082083c                xyzModem_stream_close
                0x80820890                xyzModem_stream_terminate
                0x80820924                xyzModem_error
 .text          0x80820944      0x1f0 common/libcommon.a(cmd_udp.o)
                0x80820944                _ctoi
                0x80820974                _atoi
                0x808209a8                do_udp_broadcast
                0x80820a8c                _atox
                0x80820acc                _strlen
                0x80820ae8                _getmac
 .text          0x80820b34        0x0 common/libcommon.a(ddr_training_entry.o)
 .text          0x80820b34        0x8 product/libproduct.a(sample.o)
                0x80820b34                product_control
 .text          0x80820b3c       0xd0 board/hi3516a/libhi3516a.a(board.o)
                0x80820b3c                get_boot_media
                0x80820b4c                boot_flag_init
                0x80820b84                board_init
                0x80820bcc                misc_init_r
                0x80820bec                dram_init
 .text          0x80820c0c       0x44 lib/libgeneric.a(crc16.o)
                0x80820c0c                cyg_crc16
 .text          0x80820c50       0xf0 lib/libgeneric.a(crc32.o)
                0x80820c50                crc32_no_comp
                0x80820d28                crc32
                0x80820d3c                crc32_wd
 .text          0x80820d40        0x0 lib/libgeneric.a(ctype.o)
 .text          0x80820d40      0x2b8 lib/libgeneric.a(display_options.o)
                0x80820d40                display_options
                0x80820d60                print_size
                0x80820ea0                print_buffer
 .text          0x80820ff8       0xd0 lib/libgeneric.a(div64.o)
                0x80820ff8                __div64_32
 .text          0x808210c8      0x1d0 lib/libgeneric.a(gunzip.o)
                0x808210c8                zalloc
                0x808210d8                zfree
                0x808210e0                zunzip
                0x808211d0                gunzip
 .text          0x80821298       0x64 lib/libgeneric.a(net_utils.o)
                0x80821298                string_to_ip
 .text          0x808212fc      0x5b8 lib/libgeneric.a(string.o)
                0x808212fc                strcpy
                0x80821314                strncpy
                0x80821338                strcat
                0x80821364                strncat
                0x808213bc                strcmp
                0x808213e4                strncmp
                0x80821424                strchr
                0x80821450                strlen
                0x80821470                strrchr
                0x808214ac                strnlen
                0x808214dc                strdup
                0x80821518                strspn
                0x80821554                strpbrk
                0x80821590                strtok
                0x80821618                strsep
                0x80821650                strswab
                0x80821698                memset
                0x808216f8                bcopy
                0x80821718                memcpy
                0x80821770                memmove
                0x808217bc                memcmp
                0x808217f0                memscan
                0x8082181c                strstr
                0x80821884                memchr
 .text          0x808218b4       0x30 lib/libgeneric.a(time.o)
                0x808218b4                udelay
 .text          0x808218e4      0xe60 lib/libgeneric.a(vsprintf.o)
                0x80821de8                simple_strtoul
                0x80821ea0                simple_strtol
                0x80821ec8                ustrtoul
                0x80821f38                simple_strtoull
                0x80822014                vsprintf
                0x80822630                sprintf
                0x80822658                panic
                0x808226a8                ultohstr
 .text          0x80822744      0x1c0 lib/libgeneric.a(match_table.o)
                0x80822744                reg2type
                0x80822774                type2reg
                0x808227a4                str2type
                0x808227f4                type2str
                0x80822824                match_reg_to_type
                0x80822854                match_type_to_reg
                0x80822884                match_data_to_type
                0x808228d4                match_type_to_data
 .text          0x80822904     0x255c lib/libgeneric.a(zlib.o)
                0x80822904                zcalloc
                0x8082290c                zcfree
                0x80822914                inflate_fast
                0x80822e74                inflate_table
                0x808233d4                inflateReset
                0x80823474                inflateInit2_
                0x80823578                inflateInit_
                0x8082358c                inflateEnd
                0x80823610                adler32
                0x80823954                inflate
 .text          0x80824e60      0x234 arch/arm/cpu/hi3516a/hi3516a/libhi3516a.a(timer.o)
                0x80824e60                reset_timer_masked
                0x80824e80                timer_init
                0x80824ec0                reset_timer
                0x80824ec4                get_timer_masked
                0x80824efc                get_timer
                0x80824f10                set_timer
                0x80824f20                get_ticks
                0x80824f30                get_tbclk
                0x80824f5c                __udelay
                0x80825000                udelay_masked
 .text          0x80825094      0x1a0 arch/arm/lib/libarm.a(bootm.o)
                0x80825094                do_bootm_linux
 .text          0x80825234        0x4 arch/arm/lib/libarm.a(cache.o)
                0x80825234                flush_cache
 .text          0x80825238       0x68 arch/arm/lib/libarm.a(process.o)
                0x80825238                add_shutdown
                0x8082526c                do_shutdown
 .text          0x808252a0       0xf4 arch/arm/lib/libarm.a(cache-cp15.o)
                0x808252d0                icache_enable
                0x808252e8                icache_disable
                0x80825300                icache_status
                0x8082530c                dcache_enable
                0x80825324                dcache_disable
                0x8082533c                dcache_status
                0x80825348                enable_mmu
                0x80825378                stop_mmu
 .text          0x80825394       0x30 arch/arm/lib/libarm.a(reset.o)
                0x80825394                do_reset
 .text          0x808253c4      0x2bc arch/arm/lib/libarm.a(ddr_layout.o)
                0x808253c4                insert_ddr_layout
                0x8082555c                get_ddr_free
                0x808255f0                show_ddr_layout
 .text          0x80825680       0x7c arch/arm/lib/libarm.a(ddr_size.o)
                0x80825680                get_ddr_size
 .text          0x808256fc      0x1dc arch/arm/lib/libarm.a(cpu_info.o)
                0x80825770                get_chipid
                0x808257a8                get_bootmedia
                0x808257ec                get_timer_clock
                0x80825828                get_cpu_name
                0x80825838                get_max_ddr_size
                0x80825848                get_cpu_version
                0x808258ac                get_cpudevs
 .text          0x808258d8      0x108 arch/arm/lib/libarm.a(mmu.o)
                0x808258d8                mmu_pagedir_init
                0x808258f4                mmu_pagedir_cached_range
                0x80825914                mmu_pagedir_nocached_range
                0x80825944                flush_cache_off
                0x80825958                mmu_startup
                0x80825994                mmu_turnoff
                0x808259ac                dcache_stop
                0x808259bc                dcache_start
                0x808259cc                dcache_stop_noflush
 .text          0x808259e0      0x1e0 arch/arm/lib/libarm.a(cache_ops.o)
                0x808259e0                dcache_flush_all
                0x80825a80                dcache_inv_all
                0x80825b20                dcache_inv_range
                0x80825b80                dcache_clean_range
 .text          0x80825bc0     0x1218 fs/fat/libfat.a(fat.o)
                0x80825d84                disk_read
                0x8082623c                fat_register_device
                0x80826324                do_fat_read
                0x80826c3c                file_fat_detectfs
                0x80826d90                file_fat_ls
                0x80826da0                file_fat_read
 .text          0x80826dd8      0x380 disk/libdisk.a(part.o)
                0x80826dd8                get_dev
                0x80826e38                dev_print
                0x80827038                init_part
                0x80827054                get_partition_info
                0x8082707c                print_part
 .text          0x80827158      0x4c4 disk/libdisk.a(part_dos.o)
                0x80827580                test_part_dos
                0x808275d0                print_part_dos
                0x808275fc                get_partition_info_dos
 .text          0x8082761c      0xf4c drivers/mtd/nand/libnand.a(nand_util.o)
                0x808276a8                nand_erase_opts
                0x80827a80                nand_write_yaffs_skip_bad
                0x80827de8                nand_fill_ecc
                0x80827e68                nand_read_yaffs_skip_bad
                0x808281d0                nand_write_skip_bad
                0x808283bc                nand_read_skip_bad
 .text          0x80828568      0x274 drivers/mtd/spi/libspi_flash.a(spi_ids.o)
                0x80828568                spi_serach_ids
                0x808286cc                spi_search_rw
                0x80828740                spi_get_erase
                0x808287b8                spi_ids_init
                0x808287d8                spi_ids_exit
 .text          0x808287dc     0x18cc drivers/usb/host/hiusb/libhiusb.a(hiusb-ohci.o)
                0x80828a7c                sohci_submit_job
                0x80829060                rh_check_port_status
                0x808290b4                submit_common_msg
                0x8082968c                submit_bulk_msg
                0x808296a8                submit_control_msg
                0x80829ce4                submit_int_msg
                0x80829cec                usb_lowlevel_init
                0x8082a078                usb_lowlevel_stop
 .text          0x8082a0a8       0x24 arch/arm/cpu/hi3516a/libhi3516a.a(cpu.o)
                0x8082a0a8                cleanup_before_linux
 .text          0x8082a0cc       0x20 /home/xiong/linux/Hi3516A_SDK_V1.0.5.0/osdrv/opensource/uboot/u-boot-2010.06/arch/arm/lib/eabi_compat.o
                0x8082a0cc                raise
                0x8082a0e8                __aeabi_unwind_cpp_pr0
 .text          0x8082a0ec      0x20c /opt/hisi-linux/x86-arm/arm-hisiv300-linux/bin/../lib/gcc/arm-hisiv300-linux-uclibcgnueabi/4.8.3/libgcc.a(_udivsi3.o)
                0x8082a0ec                __udivsi3
                0x8082a0ec                __aeabi_uidiv
                0x8082a2d8                __aeabi_uidivmod
 .text          0x8082a2f8      0x240 /opt/hisi-linux/x86-arm/arm-hisiv300-linux/bin/../lib/gcc/arm-hisiv300-linux-uclibcgnueabi/4.8.3/libgcc.a(_divsi3.o)
                0x8082a2f8                __aeabi_idiv
                0x8082a2f8                __divsi3
                0x8082a518                __aeabi_idivmod
 .text          0x8082a538       0x1c /opt/hisi-linux/x86-arm/arm-hisiv300-linux/bin/../lib/gcc/arm-hisiv300-linux-uclibcgnueabi/4.8.3/libgcc.a(_lshrdi3.o)
                0x8082a538                __aeabi_llsr
                0x8082a538                __lshrdi3
 .text          0x8082a554       0x1c /opt/hisi-linux/x86-arm/arm-hisiv300-linux/bin/../lib/gcc/arm-hisiv300-linux-uclibcgnueabi/4.8.3/libgcc.a(_ashrdi3.o)
                0x8082a554                __ashrdi3
                0x8082a554                __aeabi_lasr
 .text          0x8082a570       0x1c /opt/hisi-linux/x86-arm/arm-hisiv300-linux/bin/../lib/gcc/arm-hisiv300-linux-uclibcgnueabi/4.8.3/libgcc.a(_ashldi3.o)
                0x8082a570                __ashldi3
                0x8082a570                __aeabi_llsl
 .text          0x8082a58c       0x10 /opt/hisi-linux/x86-arm/arm-hisiv300-linux/bin/../lib/gcc/arm-hisiv300-linux-uclibcgnueabi/4.8.3/libgcc.a(_dvmd_lnx.o)
                0x8082a58c                __aeabi_ldiv0
                0x8082a58c                __aeabi_idiv0

.glue_7         0x8082a59c        0x0
 .glue_7        0x00000000        0x0 linker stubs

.glue_7t        0x8082a59c        0x0
 .glue_7t       0x00000000        0x0 linker stubs

.vfp11_veneer   0x8082a59c        0x0
 .vfp11_veneer  0x00000000        0x0 linker stubs

.v4_bx          0x8082a59c        0x0
 .v4_bx         0x00000000        0x0 linker stubs

.iplt           0x8082a59c        0x0
 .iplt          0x00000000        0x0 arch/arm/cpu/hi3516a/start.o

.text.unlikely  0x8082a59c      0x2bc
 .text.unlikely
                0x8082a59c      0x2bc common/libcommon.a(cmd_nand.o)
                0x8082a858                . = ALIGN (0x4)

.rodata         0x8082a858     0x900d
 *(SORT(.rodata*))
 .rodata        0x8082a858       0x80 arch/arm/lib/libarm.a(interrupts.o)
 .rodata        0x8082a8d8       0x90 drivers/mtd/nand/hinfc610/libhinfcv610.a(hinfc610_spl_ids.o)
 .rodata        0x8082a968       0x9c drivers/mtd/spi/hisfc350/libhisfcv350.a(hisfc350.o)
 .rodata        0x8082aa04       0x44 drivers/net/higmacv300/libhigmacv300.a(higmac.o)
 .rodata        0x8082aa48       0x4c common/libcommon.a(cmd_bootm.o)
 .rodata        0x8082aa94       0x20 common/libcommon.a(cmd_getinfo.o)
 .rodata        0x8082aab4       0x20 common/libcommon.a(cmd_nand.o)
 .rodata        0x8082aad4        0xc common/libcommon.a(cmd_usb.o)
 .rodata        0x8082aae0       0x20 common/libcommon.a(xyzModem.o)
 .rodata        0x8082ab00      0x400 lib/libgeneric.a(crc32.o)
 .rodata        0x8082af00       0x3c lib/libgeneric.a(vsprintf.o)
                0x8082af10                hex_asc
 .rodata        0x8082af3c      0x9cc lib/libgeneric.a(zlib.o)
                0x8082b8e0                z_errmsg
 .rodata        0x8082b908       0x10 disk/libdisk.a(part.o)
 .rodata        0x8082b918       0x40 drivers/usb/host/hiusb/libhiusb.a(hiusb-ohci.o)
 .rodata        0x8082b958      0x200 common/libcommon.a(download_process.o)
 .rodata        0x8082bb58      0x200 lib/libgeneric.a(crc16.o)
 .rodata        0x8082bd58       0x28 arch/arm/lib/libarm.a(board.o)
                0x8082bd58                version_string
 .rodata        0x8082bd80        0x7 net/libnet.a(net.o)
 .rodata        0x8082bd87        0x9 net/libnet.a(tftp.o)
 .rodata        0x8082bd90        0x5 drivers/mtd/nand/libnand.a(nand.o)
 .rodata        0x8082bd95       0x64 drivers/mtd/nand/libnand.a(nand_base.o)
 .rodata        0x8082bdf9      0x100 drivers/mtd/nand/libnand.a(nand_ecc.o)
 .rodata        0x8082bef9        0xc drivers/mtd/nand/hinfc610/libhinfcv610.a(hinfc610_read_retry_hynix_bg_cdie.o)
 .rodata        0x8082bf05       0x20 drivers/mtd/nand/hinfc610/libhinfcv610.a(hinfc610_read_retry_hynix_bg_bdie.o)
 .rodata        0x8082bf25        0xc drivers/mtd/nand/hinfc610/libhinfcv610.a(hinfc610_read_retry_hynix_cg_adie.o)
 .rodata        0x8082bf31       0x3c drivers/mtd/nand/hinfc610/libhinfcv610.a(hinfc610_read_retry_samsung.o)
 .rodata        0x8082bf6d        0x6 drivers/mtd/nand/hinfc610/libhinfcv610.a(hinfc610_read_retry_toshiba.o)
 .rodata        0x8082bf73        0xf drivers/mtd/spi/libspi_flash.a(spi_compatible.o)
 .rodata        0x8082bf82       0x10 common/libcommon.a(cmd_ddr_training_v300.o)
 .rodata        0x8082bf92       0x16 common/libcommon.a(command.o)
 .rodata        0x8082bfa8       0x12 common/libcommon.a(usb_storage.o)
 .rodata        0x8082bfba        0x6 common/libcommon.a(cmd_udp.o)
 .rodata        0x8082bfc0        0x6 lib/libgeneric.a(display_options.o)
 .rodata.str1.1
                0x8082bfc6       0x53 arch/arm/lib/libarm.a(board.o)
 .rodata.str1.1
                0x8082c019      0x264 arch/arm/lib/libarm.a(interrupts.o)
                                0x27b (size before relaxing)
 .rodata.str1.1
                0x8082c27d       0x16 net/libnet.a(eth.o)
 .rodata.str1.1
                0x8082c293      0x1e3 net/libnet.a(net.o)
                                0x1f3 (size before relaxing)
 .rodata.str1.1
                0x8082c476       0x43 net/libnet.a(rarp.o)
 .rodata.str1.1
                0x8082c4b9      0x2b4 net/libnet.a(tftp.o)
                                0x2f7 (size before relaxing)
 .rodata.str1.1
                0x8082c76d       0x32 net/libnet.a(udp.o)
 .rodata.str1.1
                0x8082c79f      0x100 net/libnet.a(bootp.o)
                                0x139 (size before relaxing)
 .rodata.str1.1
                0x8082c89f       0x17 drivers/mtd/nand/libnand.a(nand.o)
 .rodata.str1.1
                0x8082c8b6      0x2d2 drivers/mtd/nand/libnand.a(nand_base.o)
                                0x2d4 (size before relaxing)
 .rodata.str1.1
                0x8082cb88      0x309 drivers/mtd/nand/libnand.a(nand_bbt.o)
 .rodata.str1.1
                0x8082ce91      0x322 drivers/mtd/nand/libnand.a(nand_ids.o)
                                0x338 (size before relaxing)
 .rodata.str1.1
                0x8082d1b3       0x4e drivers/mtd/nand/libnand.a(hinfc_common.o)
                                 0x61 (size before relaxing)
 .rodata.str1.1
                0x8082d201      0x649 drivers/mtd/nand/hinfc610/libhinfcv610.a(hinfc610.o)
                                0x652 (size before relaxing)
 .rodata.str1.1
                0x8082d84a      0x2fc drivers/mtd/nand/hinfc610/libhinfcv610.a(hinfc610_spl_ids.o)
 .rodata.str1.1
                0x8082db46       0x93 drivers/mtd/nand/hinfc610/libhinfcv610.a(hinfc610_read_retry_hynix_bg_cdie.o)
                                 0xc1 (size before relaxing)
 .rodata.str1.1
                0x8082dbd9       0x24 drivers/mtd/nand/hinfc610/libhinfcv610.a(hinfc610_read_retry_hynix_bg_bdie.o)
                                 0x52 (size before relaxing)
 .rodata.str1.1
                0x8082dbfd       0x68 drivers/mtd/nand/hinfc610/libhinfcv610.a(hinfc610_read_retry_hynix_cg_adie.o)
                                 0xc0 (size before relaxing)
 .rodata.str1.1
                0x8082dc65       0x1d drivers/mtd/nand/hinfc610/libhinfcv610.a(hinfc610_read_retry_micron.o)
                                 0x4b (size before relaxing)
 .rodata.str1.1
                0x8082dc82       0x1e drivers/mtd/nand/hinfc610/libhinfcv610.a(hinfc610_read_retry_samsung.o)
                                 0x4c (size before relaxing)
 .rodata.str1.1
                0x8082dca0       0x1e drivers/mtd/nand/hinfc610/libhinfcv610.a(hinfc610_read_retry_toshiba.o)
                                 0x4c (size before relaxing)
 .rodata.str1.1
                0x8082dcbe       0xbb drivers/mtd/spi/libspi_flash.a(spi_compatible.o)
                                 0xe3 (size before relaxing)
 .rodata.str1.1
                0x8082dd79      0x579 drivers/mtd/spi/hisfc350/libhisfcv350.a(hisfc350.o)
                                0x5be (size before relaxing)
 .rodata.str1.1
                0x8082e2f2      0x385 drivers/mtd/spi/hisfc350/libhisfcv350.a(hisfc350_spi_ids.o)
                                0x3ba (size before relaxing)
 .rodata.str1.1
                0x8082e677      0x418 drivers/net/higmacv300/libhigmacv300.a(higmac.o)
                                0x450 (size before relaxing)
 .rodata.str1.1
                0x8082ea8f       0x95 common/libcommon.a(cmd_boot.o)
 .rodata.str1.1
                0x8082eb24      0x470 common/libcommon.a(cmd_bootm.o)
                                0x48a (size before relaxing)
 .rodata.str1.1
                0x8082ef94      0x35b common/libcommon.a(cmd_ddr_training_v300.o)
                                0x37b (size before relaxing)
 .rodata.str1.1
                0x8082f2ef      0x23f common/libcommon.a(cmd_fat.o)
                                0x24c (size before relaxing)
 .rodata.str1.1
                0x8082f52e      0x103 common/libcommon.a(cmd_getinfo.o)
                                0x148 (size before relaxing)
 .rodata.str1.1
                0x8082f631       0x36 common/libcommon.a(cmd_help.o)
                                 0x38 (size before relaxing)
 .rodata.str1.1
                0x8082f667      0x1ba common/libcommon.a(cmd_load.o)
                                0x1d0 (size before relaxing)
 .rodata.str1.1
                0x8082f821      0x2e8 common/libcommon.a(cmd_mem.o)
                                0x2f9 (size before relaxing)
 .rodata.str1.1
                0x8082fb09      0x5b4 common/libcommon.a(cmd_mii.o)
                                0x5dc (size before relaxing)
 .rodata.str1.1
                0x808300bd      0x903 common/libcommon.a(cmd_nand.o)
                                0x98c (size before relaxing)
 .rodata.str1.1
                0x808309c0      0x197 common/libcommon.a(cmd_net.o)
                                0x1d0 (size before relaxing)
 .rodata.str1.1
                0x80830b57      0x187 common/libcommon.a(cmd_nvedit.o)
                                0x1e3 (size before relaxing)
 .rodata.str1.1
                0x80830cde      0x2f5 common/libcommon.a(cmd_sf.o)
                                0x395 (size before relaxing)
 .rodata.str1.1
                0x80830fd3      0x608 common/libcommon.a(cmd_usb.o)
                                0x74b (size before relaxing)
 .rodata.str1.1
                0x808315db       0x1b common/libcommon.a(cmd_version.o)
                                 0x23 (size before relaxing)
 .rodata.str1.1
                0x808315f6       0x76 common/libcommon.a(command.o)
                                 0x92 (size before relaxing)
 .rodata.str1.1
                0x8083166c       0x70 common/libcommon.a(console.o)
                                 0x74 (size before relaxing)
 .rodata.str1.1
                0x808316dc       0x32 common/libcommon.a(download_process.o)
 .rodata.str1.1
                0x8083170e       0x33 common/libcommon.a(env_common.o)
                                 0x37 (size before relaxing)
 .rodata.str1.1
                0x80831741        0xf common/libcommon.a(env_common_func.o)
 .rodata.str1.1
                0x80831750       0x69 common/libcommon.a(env_nand.o)
                                 0x74 (size before relaxing)
 .rodata.str1.1
                0x808317b9       0xea common/libcommon.a(env_sf.o)
                                0x12d (size before relaxing)
 .rodata.str1.1
                0x808318a3      0x25f common/libcommon.a(hi3516a_ddr_training_printf.o)
                                0x265 (size before relaxing)
 .rodata.str1.1
                0x80831b02      0x434 common/libcommon.a(image.o)
                                0x4ce (size before relaxing)
 .rodata.str1.1
                0x80831f36      0x196 common/libcommon.a(main.o)
                                0x1d0 (size before relaxing)
 .rodata.str1.1
                0x808320cc      0x1b9 common/libcommon.a(miiphyutil.o)
                                0x1c9 (size before relaxing)
 .rodata.str1.1
                0x80832285        0x7 common/libcommon.a(stdio.o)
                                 0x1b (size before relaxing)
 .rodata.str1.1
                0x8083228c      0x2e3 common/libcommon.a(usb.o)
 .rodata.str1.1
                0x8083256f      0x1ff common/libcommon.a(usb_storage.o)
                                0x211 (size before relaxing)
 .rodata.str1.1
                0x8083276e       0xe3 common/libcommon.a(xyzModem.o)
                                 0xe5 (size before relaxing)
 .rodata.str1.1
                0x80832851       0xba common/libcommon.a(cmd_udp.o)
 .rodata.str1.1
                0x00000000       0xba board/hi3516a/libhi3516a.a(board.o)
                                  0x9 (size before relaxing)
 .rodata.str1.1
                0x8083290b       0x1a lib/libgeneric.a(display_options.o)
                                 0x43 (size before relaxing)
 .rodata.str1.1
                0x80832925       0x85 lib/libgeneric.a(gunzip.o)
 .rodata.str1.1
                0x808329aa       0x21 lib/libgeneric.a(vsprintf.o)
 .rodata.str1.1
                0x808329cb      0x21c lib/libgeneric.a(zlib.o)
                                0x21d (size before relaxing)
 .rodata.str1.1
                0x80832be7       0x42 arch/arm/lib/libarm.a(bootm.o)
                                 0x4b (size before relaxing)
 .rodata.str1.1
                0x80832c29       0x44 arch/arm/lib/libarm.a(process.o)
 .rodata.str1.1
                0x80832c6d        0xf arch/arm/lib/libarm.a(reset.o)
 .rodata.str1.1
                0x80832c7c      0x13c arch/arm/lib/libarm.a(ddr_layout.o)
                                0x13e (size before relaxing)
 .rodata.str1.1
                0x00000000        0x1 arch/arm/lib/libarm.a(cpu_info.o)
 .rodata.str1.1
                0x80832db8      0x173 fs/fat/libfat.a(fat.o)
                                0x181 (size before relaxing)
 .rodata.str1.1
                0x80832f2b      0x1af disk/libdisk.a(part.o)
                                0x1e0 (size before relaxing)
 .rodata.str1.1
                0x808330da       0xe5 disk/libdisk.a(part_dos.o)
                                 0xf1 (size before relaxing)
 .rodata.str1.1
                0x808331bf      0x3fb drivers/mtd/nand/libnand.a(nand_util.o)
                                0x41e (size before relaxing)
 .rodata.str1.1
                0x808335ba       0x4d drivers/mtd/spi/libspi_flash.a(spi_ids.o)
 .rodata.str1.1
                0x80833607      0x23b drivers/usb/host/hiusb/libhiusb.a(hiusb-ohci.o)
 .rodata.str1.1
                0x80833842        0x8 arch/arm/cpu/hi3516a/libhi3516a.a(cpu.o)
                                 0x10 (size before relaxing)
 .rodata.str1.1
                0x8083384a       0x1b /home/xiong/linux/Hi3516A_SDK_V1.0.5.0/osdrv/opensource/uboot/u-boot-2010.06/arch/arm/lib/eabi_compat.o

.image          0x80833865     0x10a4
 .image         0x80833865     0x10a4 common/libcommon.a(ddr_training_entry.o)
                0x80833865                hi3516a_ddr_training_data_start
                0x80834909                hi3516a_ddr_training_data_end

.rel.dyn        0x8083490c        0x0
 .rel.iplt      0x00000000        0x0 arch/arm/cpu/hi3516a/start.o
 .rel.got       0x00000000        0x0 arch/arm/cpu/hi3516a/start.o
                0x8083490c                . = ALIGN (0x4)

.data           0x80834910     0x5938
 *(.data)
 .data          0x80834910        0x0 arch/arm/cpu/hi3516a/start.o
 .data          0x80834910        0x0 arch/arm/cpu/hi3516a/libhi3516a.a(lowlevel_init_v300.o)
 .data          0x80834910        0x0 arch/arm/cpu/hi3516a/libhi3516a.a(lowlevel_init_svb.o)
 .data          0x80834910        0x0 arch/arm/cpu/hi3516a/libhi3516a.a(ddrphy_training_func.o)
 .data          0x80834910        0x0 arch/arm/cpu/hi3516a/libhi3516a.a(ddrphy_training_print.o)
 .data          0x80834910        0x0 arch/arm/cpu/hi3516a/libhi3516a.a(uart.o)
 .data          0x80834910        0x0 arch/arm/cpu/hi3516a/libhi3516a.a(chip.o)
 .data          0x80834910        0x0 arch/arm/cpu/hi3516a/libhi3516a.a(ddrphy_training.o)
 .data          0x80834910        0x0 arch/arm/cpu/hi3516a/libhi3516a.a(ddr_dataeye_training.o)
 .data          0x80834910       0x24 arch/arm/lib/libarm.a(board.o)
                0x80834910                init_sequence
 .data          0x80834934        0x0 arch/arm/lib/libarm.a(interrupts.o)
 .data          0x80834934        0x0 net/libnet.a(eth.o)
 .data          0x80834934        0xa net/libnet.a(net.o)
                0x80834934                NetOurVLAN
                0x80834936                NetBcastAddr
                0x8083493c                NetOurNativeVLAN
 .data          0x8083493e        0x0 net/libnet.a(rarp.o)
 *fill*         0x8083493e        0x2 
 .data          0x80834940       0x1c net/libnet.a(tftp.o)
                0x8083494c                upload_addr
                0x80834954                TftpRRQTimeoutCountMax
                0x80834958                TftpRRQTimeoutMSecs
 .data          0x8083495c        0x0 net/libnet.a(udp.o)
 .data          0x8083495c        0x0 net/libnet.a(bootp.o)
 .data          0x8083495c        0x4 drivers/mtd/nand/libnand.a(nand.o)
                0x8083495c                nand_curr_device
 .data          0x80834960      0x920 drivers/mtd/nand/libnand.a(nand_base.o)
 .data          0x80835280      0x128 drivers/mtd/nand/libnand.a(nand_bbt.o)
 .data          0x808353a8        0x0 drivers/mtd/nand/libnand.a(nand_ecc.o)
 .data          0x808353a8      0x4c0 drivers/mtd/nand/libnand.a(nand_ids.o)
                0x808353a8                nand_manuf_ids
                0x80835400                nand_flash_ids
 .data          0x80835868      0x154 drivers/mtd/nand/libnand.a(hinfc_common.o)
 .data          0x808359bc      0x348 drivers/mtd/nand/hinfc610/libhinfcv610.a(hinfc610.o)
                0x80835d00                nand_ip_version
 .data          0x80835d04       0x88 drivers/mtd/nand/hinfc610/libhinfcv610.a(hinfc610_gen.o)
 *fill*         0x80835d8c        0x4 
 .data          0x80835d90      0xac0 drivers/mtd/nand/hinfc610/libhinfcv610.a(hinfc610_spl_ids.o)
 .data          0x80836850       0x18 drivers/mtd/nand/hinfc610/libhinfcv610.a(hinfc610_read_retry_hynix_bg_cdie.o)
                0x80836850                hinfc610_hynix_bg_cdie_read_retry
 .data          0x80836868       0x18 drivers/mtd/nand/hinfc610/libhinfcv610.a(hinfc610_read_retry_hynix_bg_bdie.o)
                0x80836868                hinfc610_hynix_bg_bdie_read_retry
 .data          0x80836880       0x18 drivers/mtd/nand/hinfc610/libhinfcv610.a(hinfc610_read_retry_hynix_cg_adie.o)
                0x80836880                hinfc610_hynix_cg_adie_read_retry
 .data          0x80836898       0x18 drivers/mtd/nand/hinfc610/libhinfcv610.a(hinfc610_read_retry_micron.o)
                0x80836898                hinfc610_micron_read_retry
 .data          0x808368b0       0x18 drivers/mtd/nand/hinfc610/libhinfcv610.a(hinfc610_read_retry_samsung.o)
                0x808368b0                hinfc610_samsung_read_retry
 .data          0x808368c8       0x18 drivers/mtd/nand/hinfc610/libhinfcv610.a(hinfc610_read_retry_toshiba.o)
                0x808368c8                hinfc610_toshiba_24nm_read_retry
 .data          0x808368e0       0x68 drivers/mtd/nand/hinfc610/libhinfcv610.a(hinfc620_gen.o)
 .data          0x80836948        0x0 drivers/mtd/spi/libspi_flash.a(spi_compatible.o)
 .data          0x80836948        0x0 drivers/mtd/spi/hisfc350/libhisfcv350.a(hisfc350.o)
 .data          0x80836948     0x2b78 drivers/mtd/spi/hisfc350/libhisfcv350.a(hisfc350_spi_ids.o)
                0x80836948                hisfc350_spi_info_table
 .data          0x808394c0       0x30 drivers/net/higmacv300/libhigmacv300.a(higmac.o)
                0x808394c4                higmac_board_info
 .data          0x808394f0        0x0 drivers/net/higmacv300/libhigmacv300.a(mdio.o)
 .data          0x808394f0        0x0 drivers/net/higmacv300/libhigmacv300.a(ctrl.o)
 .data          0x808394f0        0x0 drivers/serial/libserial.a(serial_pl01x.o)
 .data          0x808394f0        0x0 common/libcommon.a(cmd_boot.o)
 .data          0x808394f0       0x94 common/libcommon.a(cmd_bootm.o)
                0x808394f0                load_addr
 .data          0x80839584        0x0 common/libcommon.a(cmd_ddr_training_v300.o)
 .data          0x80839584        0x0 common/libcommon.a(cmd_fat.o)
 .data          0x80839584        0x0 common/libcommon.a(cmd_getinfo.o)
 .data          0x80839584        0x0 common/libcommon.a(cmd_help.o)
 .data          0x80839584        0x0 common/libcommon.a(cmd_load.o)
 .data          0x80839584        0x4 common/libcommon.a(cmd_mem.o)
                0x80839584                dp_last_length
 .data          0x80839588      0x2e8 common/libcommon.a(cmd_mii.o)
                0x80839588                reg_0_5_desc_tbl
                0x808395b8                desc_and_len_tbl
                0x808395e8                reg_5_desc_tbl
                0x80839678                reg_4_desc_tbl
                0x80839708                reg_3_desc_tbl
                0x8083972c                reg_2_desc_tbl
                0x80839738                reg_1_desc_tbl
                0x808397f8                reg_0_desc_tbl
 .data          0x80839870       0x9c common/libcommon.a(cmd_nand.o)
 .data          0x8083990c        0x0 common/libcommon.a(cmd_net.o)
 .data          0x8083990c        0x4 common/libcommon.a(cmd_nvedit.o)
 .data          0x80839910        0x0 common/libcommon.a(cmd_sf.o)
 .data          0x80839910        0x4 common/libcommon.a(cmd_usb.o)
 .data          0x80839914        0x0 common/libcommon.a(cmd_version.o)
 .data          0x80839914        0x0 common/libcommon.a(command.o)
 .data          0x80839914        0x0 common/libcommon.a(console.o)
 .data          0x80839914      0x414 common/libcommon.a(dlmalloc.o)
 .data          0x80839d28        0x0 common/libcommon.a(download_process.o)
 .data          0x80839d28       0xca common/libcommon.a(env_common.o)
                0x80839d28                default_environment
 *fill*         0x80839df2        0x2 
 .data          0x80839df4       0x28 common/libcommon.a(env_common_func.o)
 .data          0x80839e1c        0x4 common/libcommon.a(env_nand.o)
                0x80839e1c                nand_env_name_spec
 .data          0x80839e20        0x4 common/libcommon.a(env_sf.o)
                0x80839e20                sf_env_name_spec
 .data          0x80839e24        0x0 common/libcommon.a(exports.o)
 .data          0x80839e24        0x0 common/libcommon.a(hi3516a_ddr_training_printf.o)
 .data          0x80839e24      0x204 common/libcommon.a(image.o)
 .data          0x8083a028       0x14 common/libcommon.a(main.o)
 .data          0x8083a03c        0x0 common/libcommon.a(miiphyutil.o)
 .data          0x8083a03c        0xc common/libcommon.a(stdio.o)
                0x8083a03c                stdio_names
 .data          0x8083a048        0x0 common/libcommon.a(usb.o)
 .data          0x8083a048       0x20 common/libcommon.a(usb_storage.o)
                0x8083a048                us_direction
 .data          0x8083a068        0x0 common/libcommon.a(xyzModem.o)
 .data          0x8083a068        0x0 common/libcommon.a(cmd_udp.o)
 .data          0x8083a068        0x0 common/libcommon.a(ddr_training_entry.o)
 .data          0x8083a068        0x0 product/libproduct.a(sample.o)
 .data          0x8083a068        0x0 board/hi3516a/libhi3516a.a(board.o)
 .data          0x8083a068        0x0 lib/libgeneric.a(crc16.o)
 .data          0x8083a068        0x0 lib/libgeneric.a(crc32.o)
 .data          0x8083a068      0x100 lib/libgeneric.a(ctype.o)
                0x8083a068                _ctype
 .data          0x8083a168        0x0 lib/libgeneric.a(display_options.o)
 .data          0x8083a168        0x0 lib/libgeneric.a(div64.o)
 .data          0x8083a168        0x0 lib/libgeneric.a(gunzip.o)
 .data          0x8083a168        0x0 lib/libgeneric.a(net_utils.o)
 .data          0x8083a168        0x0 lib/libgeneric.a(string.o)
 .data          0x8083a168        0x0 lib/libgeneric.a(time.o)
 .data          0x8083a168        0x0 lib/libgeneric.a(vsprintf.o)
 .data          0x8083a168        0x0 lib/libgeneric.a(match_table.o)
 .data          0x8083a168        0x0 lib/libgeneric.a(zlib.o)
 .data          0x8083a168        0x0 arch/arm/cpu/hi3516a/hi3516a/libhi3516a.a(timer.o)
 .data          0x8083a168        0x0 arch/arm/lib/libarm.a(bootm.o)
 .data          0x8083a168        0x0 arch/arm/lib/libarm.a(cache.o)
 .data          0x8083a168        0x0 arch/arm/lib/libarm.a(process.o)
 .data          0x8083a168        0x0 arch/arm/lib/libarm.a(cache-cp15.o)
 .data          0x8083a168        0x0 arch/arm/lib/libarm.a(reset.o)
[...]
 .debug_str     0x0000182e      0x231 net/libnet.a(bootp.o)
                                0x69a (size before relaxing)
 .debug_str     0x00001a5f      0x535 drivers/mtd/nand/libnand.a(nand.o)
                                0x9c9 (size before relaxing)
 .debug_str     0x00001f94      0x859 drivers/mtd/nand/libnand.a(nand_base.o)
                               0x11e8 (size before relaxing)
 .debug_str     0x000027ed      0x26e drivers/mtd/nand/libnand.a(nand_bbt.o)
                                0xbb5 (size before relaxing)
 .debug_str     0x00002a5b       0x8c drivers/mtd/nand/libnand.a(nand_ecc.o)
                                0x641 (size before relaxing)
 .debug_str     0x00002ae7        0xb drivers/mtd/nand/libnand.a(nand_ids.o)
                                0x280 (size before relaxing)
 .debug_str     0x00002af2      0x1d1 drivers/mtd/nand/libnand.a(hinfc_common.o)
                                0xb26 (size before relaxing)
 .debug_str     0x00002cc3      0x83b drivers/mtd/nand/hinfc610/libhinfcv610.a(hinfc610.o)
                               0x1266 (size before relaxing)
 .debug_str     0x000034fe       0x26 drivers/mtd/nand/hinfc610/libhinfcv610.a(hinfc610_gen.o)
                                0x42f (size before relaxing)
 .debug_str     0x00003524       0xbe drivers/mtd/nand/hinfc610/libhinfcv610.a(hinfc610_spl_ids.o)
                                0xa3e (size before relaxing)
 .debug_str     0x000035e2      0x15d drivers/mtd/nand/hinfc610/libhinfcv610.a(hinfc610_read_retry_hynix_bg_cdie.o)
                                0xc3c (size before relaxing)
 .debug_str     0x0000373f       0xe2 drivers/mtd/nand/hinfc610/libhinfcv610.a(hinfc610_read_retry_hynix_bg_bdie.o)
                                0xbc0 (size before relaxing)
 .debug_str     0x00003821      0x147 drivers/mtd/nand/hinfc610/libhinfcv610.a(hinfc610_read_retry_hynix_cg_adie.o)
                                0xc3d (size before relaxing)
 .debug_str     0x00003968       0x7e drivers/mtd/nand/hinfc610/libhinfcv610.a(hinfc610_read_retry_micron.o)
                                0xb3b (size before relaxing)
 .debug_str     0x000039e6       0x8a drivers/mtd/nand/hinfc610/libhinfcv610.a(hinfc610_read_retry_samsung.o)
                                0xb55 (size before relaxing)
 .debug_str     0x00003a70       0x98 drivers/mtd/nand/hinfc610/libhinfcv610.a(hinfc610_read_retry_toshiba.o)
                                0xb61 (size before relaxing)
 .debug_str     0x00003b08       0xba drivers/mtd/nand/hinfc610/libhinfcv610.a(hinfc620_gen.o)
                                0x3e3 (size before relaxing)
 .debug_str     0x00003bc2      0x195 drivers/mtd/spi/libspi_flash.a(spi_compatible.o)
                                0x451 (size before relaxing)
 .debug_str     0x00003d57      0x39d drivers/mtd/spi/hisfc350/libhisfcv350.a(hisfc350.o)
                                0x85f (size before relaxing)
 .debug_str     0x000040f4      0x831 drivers/mtd/spi/hisfc350/libhisfcv350.a(hisfc350_spi_ids.o)
                                0xc37 (size before relaxing)
 .debug_str     0x00004925      0x73e drivers/net/higmacv300/libhigmacv300.a(higmac.o)
                                0xac2 (size before relaxing)
 .debug_str     0x00005063      0x103 drivers/net/higmacv300/libhigmacv300.a(mdio.o)
                                0x39b (size before relaxing)
 .debug_str     0x00005166       0xa4 drivers/net/higmacv300/libhigmacv300.a(ctrl.o)
                                0x4fd (size before relaxing)
 .debug_str     0x0000520a       0xf9 drivers/serial/libserial.a(serial_pl01x.o)
                                0x2c5 (size before relaxing)
 .debug_str     0x00005303       0xcf common/libcommon.a(cmd_boot.o)
                                0x2c8 (size before relaxing)
 .debug_str     0x000053d2      0x4cb common/libcommon.a(cmd_bootm.o)
                                0x92e (size before relaxing)
 .debug_str     0x0000589d      0x16d common/libcommon.a(cmd_ddr_training_v300.o)
                                0x4b5 (size before relaxing)
 .debug_str     0x00005a0a      0x11d common/libcommon.a(cmd_fat.o)
                                0x3eb (size before relaxing)
 .debug_str     0x00005b27       0x69 common/libcommon.a(cmd_getinfo.o)
                                0x398 (size before relaxing)
 .debug_str     0x00005b90       0x65 common/libcommon.a(cmd_help.o)
                                0x2bf (size before relaxing)
 .debug_str     0x00005bf5      0x308 common/libcommon.a(cmd_load.o)
                                0x6f0 (size before relaxing)
 .debug_str     0x00005efd      0x22c common/libcommon.a(cmd_mem.o)
                                0x530 (size before relaxing)
 .debug_str     0x00006129      0x1f2 common/libcommon.a(cmd_mii.o)
                                0x552 (size before relaxing)
 .debug_str     0x0000631b      0x2c2 common/libcommon.a(cmd_nand.o)
                                0xdd0 (size before relaxing)
 .debug_str     0x000065dd       0xb5 common/libcommon.a(cmd_net.o)
                                0x4a2 (size before relaxing)
 .debug_str     0x00006692       0xd8 common/libcommon.a(cmd_nvedit.o)
                                0x4fe (size before relaxing)
 .debug_str     0x0000676a      0x122 common/libcommon.a(cmd_sf.o)
                                0x5bf (size before relaxing)
 .debug_str     0x0000688c      0x53c common/libcommon.a(cmd_usb.o)
                                0xa54 (size before relaxing)
 .debug_str     0x00006dc8       0x2e common/libcommon.a(cmd_version.o)
                                0x296 (size before relaxing)
 .debug_str     0x00006df6      0x13f common/libcommon.a(command.o)
                                0x45b (size before relaxing)
 .debug_str     0x00006f35      0x2fc common/libcommon.a(console.o)
                                0x67f (size before relaxing)
 .debug_str     0x00007231      0x2c5 common/libcommon.a(dlmalloc.o)
                                0x636 (size before relaxing)
 .debug_str     0x000074f6       0x84 common/libcommon.a(download_process.o)
                                0x302 (size before relaxing)
 .debug_str     0x0000757a       0x77 common/libcommon.a(env_common.o)
                                0x431 (size before relaxing)
 .debug_str     0x000075f1       0x58 common/libcommon.a(env_common_func.o)
                                0x2ef (size before relaxing)
 .debug_str     0x00007649       0xb2 common/libcommon.a(env_nand.o)
                                0x7ad (size before relaxing)
 .debug_str     0x000076fb       0xb2 common/libcommon.a(env_sf.o)
                                0x4ee (size before relaxing)
 .debug_str     0x000077ad        0xa common/libcommon.a(exports.o)
                                0x467 (size before relaxing)
 .debug_str     0x000077b7       0xee common/libcommon.a(hi3516a_ddr_training_printf.o)
                                0x361 (size before relaxing)
 .debug_str     0x000078a5      0x219 common/libcommon.a(image.o)
                                0x8d5 (size before relaxing)
 .debug_str     0x00007abe      0x257 common/libcommon.a(main.o)
                                0x6e0 (size before relaxing)
 .debug_str     0x00007d15       0xb0 common/libcommon.a(miiphyutil.o)
                                0x3f6 (size before relaxing)
 .debug_str     0x00007dc5       0x33 common/libcommon.a(stdio.o)
                                0x3fb (size before relaxing)
 .debug_str     0x00007df8      0x555 common/libcommon.a(usb.o)
                                0xc5a (size before relaxing)
 .debug_str     0x0000834d      0x42d common/libcommon.a(usb_storage.o)
                                0xc26 (size before relaxing)
 .debug_str     0x0000877a      0x15a common/libcommon.a(xyzModem.o)
                                0x46b (size before relaxing)
 .debug_str     0x000088d4       0x5d common/libcommon.a(cmd_udp.o)
                                0x310 (size before relaxing)
 .debug_str     0x00008931      0x18d product/libproduct.a(sample.o)
                                0x22f (size before relaxing)
 .debug_str     0x00008abe       0x7f board/hi3516a/libhi3516a.a(board.o)
                                0x31a (size before relaxing)
 .debug_str     0x00008b3d       0x63 lib/libgeneric.a(crc16.o)
                                0x230 (size before relaxing)
 .debug_str     0x00008ba0       0x41 lib/libgeneric.a(crc32.o)
                                0x282 (size before relaxing)
 .debug_str     0x00008be1        0x8 lib/libgeneric.a(ctype.o)
                                0x193 (size before relaxing)
 .debug_str     0x00008be9       0x32 lib/libgeneric.a(display_options.o)
                                0x2cd (size before relaxing)
 .debug_str     0x00008c1b        0xe lib/libgeneric.a(div64.o)
                                0x248 (size before relaxing)
 .debug_str     0x00008c29      0x103 lib/libgeneric.a(gunzip.o)
                                0x376 (size before relaxing)
 .debug_str     0x00008d2c        0xc lib/libgeneric.a(net_utils.o)
                                0x24b (size before relaxing)
 .debug_str     0x00008d38       0x87 lib/libgeneric.a(string.o)
                                0x31b (size before relaxing)
 .debug_str     0x00008dbf       0x15 lib/libgeneric.a(time.o)
                                0x221 (size before relaxing)
 .debug_str     0x00008dd4       0xf5 lib/libgeneric.a(vsprintf.o)
                                0x474 (size before relaxing)
 .debug_str     0x00008ec9       0x33 lib/libgeneric.a(match_table.o)
                                0x2e5 (size before relaxing)
 .debug_str     0x00008efc      0x2a0 lib/libgeneric.a(zlib.o)
                                0x6f0 (size before relaxing)
 .debug_str     0x0000919c       0xda arch/arm/cpu/hi3516a/hi3516a/libhi3516a.a(timer.o)
                                0x2de (size before relaxing)
 .debug_str     0x00009276      0x246 arch/arm/lib/libarm.a(bootm.o)
                                0x752 (size before relaxing)
 .debug_str     0x000094bc       0x16 arch/arm/lib/libarm.a(cache.o)
                                0x22a (size before relaxing)
 .debug_str     0x000094d2       0x1a arch/arm/lib/libarm.a(process.o)
                                0x24f (size before relaxing)
 .debug_str     0x000094ec       0xdd arch/arm/lib/libarm.a(cache-cp15.o)
                                0x32c (size before relaxing)
 .debug_str     0x000095c9        0x8 arch/arm/lib/libarm.a(reset.o)
                                0x2a4 (size before relaxing)
 .debug_str     0x000095d1       0x88 arch/arm/lib/libarm.a(ddr_layout.o)
                                0x2e9 (size before relaxing)
 .debug_str     0x00009659       0x46 arch/arm/lib/libarm.a(ddr_size.o)
                                0x26b (size before relaxing)
 .debug_str     0x0000969f       0xbc arch/arm/lib/libarm.a(cpu_info.o)
                                0x330 (size before relaxing)
 .debug_str     0x0000975b      0x464 fs/fat/libfat.a(fat.o)
                                0x81c (size before relaxing)
 .debug_str     0x00009bbf       0xef disk/libdisk.a(part.o)
                                0x45e (size before relaxing)
 .debug_str     0x00009cae      0x114 disk/libdisk.a(part_dos.o)
                                0x45c (size before relaxing)
 .debug_str     0x00009dc2      0x126 drivers/mtd/nand/libnand.a(nand_util.o)
                                0xb51 (size before relaxing)
 .debug_str     0x00009ee8       0x6a drivers/mtd/spi/libspi_flash.a(spi_ids.o)
                                0x37c (size before relaxing)
 .debug_str     0x00009f52      0x54a drivers/usb/host/hiusb/libhiusb.a(hiusb-ohci.o)
                                0xc6f (size before relaxing)
 .debug_str     0x0000a49c       0x12 arch/arm/cpu/hi3516a/libhi3516a.a(cpu.o)
                                0x2cb (size before relaxing)
 .debug_str     0x0000a4ae       0x32 /home/xiong/linux/Hi3516A_SDK_V1.0.5.0/osdrv/opensource/uboot/u-boot-2010.06/arch/arm/lib/eabi_compat.o
                                0x241 (size before relaxing)

.debug_frame    0x00000000     0x5d2c
 .debug_frame   0x00000000       0x2c arch/arm/cpu/hi3516a/libhi3516a.a(lowlevel_init_v300.o)
 .debug_frame   0x0000002c       0xb0 arch/arm/cpu/hi3516a/libhi3516a.a(lowlevel_init_svb.o)
 .debug_frame   0x000000dc       0x30 arch/arm/cpu/hi3516a/libhi3516a.a(chip.o)
 .debug_frame   0x0000010c       0x4c arch/arm/cpu/hi3516a/libhi3516a.a(ddrphy_training.o)
 .debug_frame   0x00000158      0x120 arch/arm/cpu/hi3516a/libhi3516a.a(ddr_dataeye_training.o)
 .debug_frame   0x00000278      0x10c arch/arm/lib/libarm.a(board.o)
 .debug_frame   0x00000384      0x134 arch/arm/lib/libarm.a(interrupts.o)
 .debug_frame   0x000004b8       0xa4 net/libnet.a(eth.o)
 .debug_frame   0x0000055c      0x318 net/libnet.a(net.o)
 .debug_frame   0x00000874       0x7c net/libnet.a(rarp.o)
 .debug_frame   0x000008f0      0x134 net/libnet.a(tftp.o)
 .debug_frame   0x00000a24       0x6c net/libnet.a(udp.o)
 .debug_frame   0x00000a90       0xe8 net/libnet.a(bootp.o)
 .debug_frame   0x00000b78       0x34 drivers/mtd/nand/libnand.a(nand.o)
 .debug_frame   0x00000bac      0x848 drivers/mtd/nand/libnand.a(nand_base.o)
 .debug_frame   0x000013f4      0x1cc drivers/mtd/nand/libnand.a(nand_bbt.o)
 .debug_frame   0x000015c0       0x44 drivers/mtd/nand/libnand.a(nand_ecc.o)
 .debug_frame   0x00001604      0x110 drivers/mtd/nand/libnand.a(hinfc_common.o)
 .debug_frame   0x00001714      0x278 drivers/mtd/nand/hinfc610/libhinfcv610.a(hinfc610.o)
 .debug_frame   0x0000198c       0x50 drivers/mtd/nand/hinfc610/libhinfcv610.a(hinfc610_gen.o)
 .debug_frame   0x000019dc       0x90 drivers/mtd/nand/hinfc610/libhinfcv610.a(hinfc610_spl_ids.o)
 .debug_frame   0x00001a6c       0x90 drivers/mtd/nand/hinfc610/libhinfcv610.a(hinfc610_read_retry_hynix_bg_cdie.o)
 .debug_frame   0x00001afc       0x58 drivers/mtd/nand/hinfc610/libhinfcv610.a(hinfc610_read_retry_hynix_bg_bdie.o)
 .debug_frame   0x00001b54       0x94 drivers/mtd/nand/hinfc610/libhinfcv610.a(hinfc610_read_retry_hynix_cg_adie.o)
 .debug_frame   0x00001be8       0x48 drivers/mtd/nand/hinfc610/libhinfcv610.a(hinfc610_read_retry_micron.o)
 .debug_frame   0x00001c30       0x54 drivers/mtd/nand/hinfc610/libhinfcv610.a(hinfc610_read_retry_samsung.o)
 .debug_frame   0x00001c84       0x44 drivers/mtd/nand/hinfc610/libhinfcv610.a(hinfc610_read_retry_toshiba.o)
 .debug_frame   0x00001cc8       0x50 drivers/mtd/nand/hinfc610/libhinfcv610.a(hinfc620_gen.o)
 .debug_frame   0x00001d18       0x70 drivers/mtd/spi/libspi_flash.a(spi_compatible.o)
 .debug_frame   0x00001d88      0x20c drivers/mtd/spi/hisfc350/libhisfcv350.a(hisfc350.o)
 .debug_frame   0x00001f94      0x13c drivers/mtd/spi/hisfc350/libhisfcv350.a(hisfc350_spi_ids.o)
 .debug_frame   0x000020d0       0xe0 drivers/net/higmacv300/libhigmacv300.a(higmac.o)
 .debug_frame   0x000021b0       0xcc drivers/net/higmacv300/libhigmacv300.a(mdio.o)
 .debug_frame   0x0000227c      0x14c drivers/net/higmacv300/libhigmacv300.a(ctrl.o)
 .debug_frame   0x000023c8       0x8c drivers/serial/libserial.a(serial_pl01x.o)
 .debug_frame   0x00002454       0x3c common/libcommon.a(cmd_boot.o)
 .debug_frame   0x00002490      0x13c common/libcommon.a(cmd_bootm.o)
 .debug_frame   0x000025cc       0xcc common/libcommon.a(cmd_ddr_training_v300.o)
 .debug_frame   0x00002698       0x88 common/libcommon.a(cmd_fat.o)
 .debug_frame   0x00002720       0x2c common/libcommon.a(cmd_getinfo.o)
 .debug_frame   0x0000274c       0x30 common/libcommon.a(cmd_help.o)
 .debug_frame   0x0000277c      0x1bc common/libcommon.a(cmd_load.o)
 .debug_frame   0x00002938      0x184 common/libcommon.a(cmd_mem.o)
 .debug_frame   0x00002abc       0x90 common/libcommon.a(cmd_mii.o)
 .debug_frame   0x00002b4c      0x118 common/libcommon.a(cmd_nand.o)
 .debug_frame   0x00002c64       0xa0 common/libcommon.a(cmd_net.o)
 .debug_frame   0x00002d04      0x15c common/libcommon.a(cmd_nvedit.o)
 .debug_frame   0x00002e60       0x3c common/libcommon.a(cmd_sf.o)
 .debug_frame   0x00002e9c      0x1d4 common/libcommon.a(cmd_usb.o)
 .debug_frame   0x00003070       0x28 common/libcommon.a(cmd_version.o)
 .debug_frame   0x00003098      0x104 common/libcommon.a(command.o)
 .debug_frame   0x0000319c      0x26c common/libcommon.a(console.o)
 .debug_frame   0x00003408      0x178 common/libcommon.a(dlmalloc.o)
 .debug_frame   0x00003580       0x7c common/libcommon.a(download_process.o)
 .debug_frame   0x000035fc       0xb8 common/libcommon.a(env_common.o)
 .debug_frame   0x000036b4       0x58 common/libcommon.a(env_common_func.o)
 .debug_frame   0x0000370c       0xc8 common/libcommon.a(env_nand.o)
 .debug_frame   0x000037d4       0x70 common/libcommon.a(env_sf.o)
 .debug_frame   0x00003844       0x48 common/libcommon.a(exports.o)
 .debug_frame   0x0000388c       0x3c common/libcommon.a(hi3516a_ddr_training_printf.o)
 .debug_frame   0x000038c8      0x268 common/libcommon.a(image.o)
 .debug_frame   0x00003b30      0x17c common/libcommon.a(main.o)
 .debug_frame   0x00003cac      0x1e8 common/libcommon.a(miiphyutil.o)
 .debug_frame   0x00003e94       0x90 common/libcommon.a(stdio.o)
 .debug_frame   0x00003f24      0x52c common/libcommon.a(usb.o)
 .debug_frame   0x00004450      0x288 common/libcommon.a(usb_storage.o)
 .debug_frame   0x000046d8      0x14c common/libcommon.a(xyzModem.o)
 .debug_frame   0x00004824       0xac common/libcommon.a(cmd_udp.o)
 .debug_frame   0x000048d0       0x20 product/libproduct.a(sample.o)
 .debug_frame   0x000048f0       0x70 board/hi3516a/libhi3516a.a(board.o)
 .debug_frame   0x00004960       0x28 lib/libgeneric.a(crc16.o)
 .debug_frame   0x00004988       0x54 lib/libgeneric.a(crc32.o)
 .debug_frame   0x000049dc       0x90 lib/libgeneric.a(display_options.o)
 .debug_frame   0x00004a6c       0x3c lib/libgeneric.a(div64.o)
 .debug_frame   0x00004aa8       0x7c lib/libgeneric.a(gunzip.o)
 .debug_frame   0x00004b24       0x34 lib/libgeneric.a(net_utils.o)
 .debug_frame   0x00004b58      0x20c lib/libgeneric.a(string.o)
 .debug_frame   0x00004d64       0x2c lib/libgeneric.a(time.o)
 .debug_frame   0x00004d90      0x1c8 lib/libgeneric.a(vsprintf.o)
 .debug_frame   0x00004f58       0xb0 lib/libgeneric.a(match_table.o)
 .debug_frame   0x00005008      0x160 lib/libgeneric.a(zlib.o)
 .debug_frame   0x00005168       0xdc arch/arm/cpu/hi3516a/hi3516a/libhi3516a.a(timer.o)
 .debug_frame   0x00005244       0x34 arch/arm/lib/libarm.a(bootm.o)
 .debug_frame   0x00005278       0x20 arch/arm/lib/libarm.a(cache.o)
 .debug_frame   0x00005298       0x3c arch/arm/lib/libarm.a(process.o)
 .debug_frame   0x000052d4       0xe0 arch/arm/lib/libarm.a(cache-cp15.o)
 .debug_frame   0x000053b4       0x28 arch/arm/lib/libarm.a(reset.o)
 .debug_frame   0x000053dc       0x70 arch/arm/lib/libarm.a(ddr_layout.o)
 .debug_frame   0x0000544c       0x30 arch/arm/lib/libarm.a(ddr_size.o)
 .debug_frame   0x0000547c       0xec arch/arm/lib/libarm.a(cpu_info.o)
 .debug_frame   0x00005568      0x1d0 fs/fat/libfat.a(fat.o)
 .debug_frame   0x00005738       0xcc disk/libdisk.a(part.o)
 .debug_frame   0x00005804       0xe0 disk/libdisk.a(part_dos.o)
 .debug_frame   0x000058e4      0x154 drivers/mtd/nand/libnand.a(nand_util.o)
 .debug_frame   0x00005a38       0x98 drivers/mtd/spi/libspi_flash.a(spi_ids.o)
 .debug_frame   0x00005ad0      0x1bc drivers/usb/host/hiusb/libhiusb.a(hiusb-ohci.o)
 .debug_frame   0x00005c8c       0x28 arch/arm/cpu/hi3516a/libhi3516a.a(cpu.o)
 .debug_frame   0x00005cb4       0x38 /home/xiong/linux/Hi3516A_SDK_V1.0.5.0/osdrv/opensource/uboot/u-boot-2010.06/arch/arm/lib/eabi_compat.o
 .debug_frame   0x00005cec       0x20 /opt/hisi-linux/x86-arm/arm-hisiv300-linux/bin/../lib/gcc/arm-hisiv300-linux-uclibcgnueabi/4.8.3/libgcc.a(_udivsi3.o)
 .debug_frame   0x00005d0c       0x20 /opt/hisi-linux/x86-arm/arm-hisiv300-linux/bin/../lib/gcc/arm-hisiv300-linux-uclibcgnueabi/4.8.3/libgcc.a(_divsi3.o)
